<?xml version="1.0" encoding="UTF-8"?><testsuites time="0"><testsuite name="Coffee machine visual tests" tests="0" failures="0" errors="0" time="0" timestamp="2020-04-22T07:31:10.752Z" package="demo/testsuite"><system-out><![CDATA[]]></system-out></testsuite></testsuites>